~/test-1-Shrinivasmural-1$ gcc -g p1original.c
~/test-1-Shrinivasmural-1$ gdb a.out
GNU gdb (Ubuntu 8.1.1-0ubuntu1) 8.1.1
Copyright (C) 2018 Free Software Foundation, Inc.
License GPLv3+: GNU GPL version 3 or later <http://gnu.org/licenses/gpl.html>
This is free software: you are free to change and redistribute it.
There is NO WARRANTY, to the extent permitted by law.  Type "show copying"
and "show warranty" for details.
This GDB was configured as "x86_64-linux-gnu".
Type "show configuration" for configuration details.
For bug reporting instructions, please see:
<http://www.gnu.org/software/gdb/bugs/>.
Find the GDB manual and other documentation resources online at:
<http://www.gnu.org/software/gdb/documentation/>.
For help, type "help".
Type "apropos word" to search for commands related to "word"...
Reading symbols from a.out...done.
(gdb) b main
Breakpoint 1 at 0x772: file p1original.c, line 3.
(gdb) b main
Note: breakpoint 1 also set at pc 0x772.
Breakpoint 2 at 0x772: file p1original.c, line 3.
(gdb) r
Starting program: /home/runner/test-1-Shrinivasmural-1/a.out 
warning: Error disabling address space randomization: Operation not permitted

Breakpoint 1, main () at p1original.c:3
3   {
(gdb) n
5      printf("Enter the value of a \n");
(gdb) n
Enter the value of a 
6      scanf("%d",&a);
(gdb) n
4
7      printf("Enter the value of b \n");
(gdb) n
Enter the value of b 
8      scanf("%d",&b);
(gdb) n
5
9    S=a+b;
(gdb) n
10   printf(" Sum of two numbers %d",S);
(gdb) n
11   return 0;
(gdb) n
12  }
(gdb) n
__libc_start_main (main=0x5572cce0076a <main>, argc=1, 
    argv=0x7ffc397655f8, init=<optimized out>, fini=<optimized out>, 
    rtld_fini=<optimized out>, stack_end=0x7ffc397655e8)
    at ../csu/libc-start.c:344
344 ../csu/libc-start.c: No such file or directory.
(gdb) n
 Sum of two numbers 9[Inferior 1 (process 363) exited normally]
(gdb) 